// Jest Snapshot v1, https://goo.gl/fbAQLP

exports[`icon render的是一个icon up图标 1`] = `
<svg
  className="hit-ui-icon"
  name="up"
>
  <use
    xlinkHref="#up"
  />
</svg>
`;
