// Jest Snapshot v1, https://goo.gl/fbAQLP

exports[`button 是一个div 1`] = `
<div>
  <div>
    number: 
    0
  </div>
  <button
    onClick={[Function]}
  >
    add 1
  </button>
</div>
`;
